Traceback (most recent call last):
  File "/opt/hostedtoolcache/Python/3.11.16/x64/lib/python3.11/site-packages/jupyter_cache/executors/utils.py", line 58, in single_nb_execution
    executenb(
  File "/opt/hostedtoolcache/Python/3.11.16/x64/lib/python3.11/site-packages/nbclient/client.py", line 1323, in execute
    return NotebookClient(nb=nb, resources=resources, km=km, **kwargs).execute()
           ^^^^^^^^^^^^^^^^^^^^^^^^^^^^^^^^^^^^^^^^^^^^^^^^^^^^^^^^^^^^^^^^^^^^^
  File "/opt/hostedtoolcache/Python/3.11.16/x64/lib/python3.11/site-packages/jupyter_core/utils/__init__.py", line 165, in wrapped
    return loop.run_until_complete(inner)
           ^^^^^^^^^^^^^^^^^^^^^^^^^^^^^^
  File "/opt/hostedtoolcache/Python/3.11.16/x64/lib/python3.11/asyncio/base_events.py", line 654, in run_until_complete
    return future.result()
           ^^^^^^^^^^^^^^^
  File "/opt/hostedtoolcache/Python/3.11.16/x64/lib/python3.11/site-packages/nbclient/client.py", line 709, in async_execute
    await self.async_execute_cell(
  File "/opt/hostedtoolcache/Python/3.11.16/x64/lib/python3.11/site-packages/nbclient/client.py", line 1062, in async_execute_cell
    await self._check_raise_for_error(cell, cell_index, exec_reply)
  File "/opt/hostedtoolcache/Python/3.11.16/x64/lib/python3.11/site-packages/nbclient/client.py", line 918, in _check_raise_for_error
    raise CellExecutionError.from_cell_and_msg(cell, exec_reply_content)
nbclient.exceptions.CellExecutionError: An error occurred while executing the following cell:
------------------
# packages for working with our data
import pandas as pd
import numpy as np

# page we'll use to access the data
import ulmo

# packages for plotting
import matplotlib.pyplot as plt
from matplotlib.patches import Rectangle
from matplotlib.collections import PatchCollection
from matplotlib.colors import ListedColormap
------------------


[31m---------------------------------------------------------------------------[39m
[31mModuleNotFoundError[39m                       Traceback (most recent call last)
[36mCell[39m[36m [39m[32mIn[2][39m[32m, line 6[39m
[32m      2[39m [38;5;28;01mimport[39;00m pandas [38;5;28;01mas[39;00m pd
[32m      3[39m [38;5;28;01mimport[39;00m numpy [38;5;28;01mas[39;00m np
[32m      4[39m 
[32m      5[39m [38;5;66;03m# page we'll use to access the data[39;00m
[32m----> [39m[32m6[39m [38;5;28;01mimport[39;00m ulmo
[32m      7[39m 
[32m      8[39m [38;5;66;03m# packages for plotting[39;00m
[32m      9[39m [38;5;28;01mimport[39;00m matplotlib.pyplot [38;5;28;01mas[39;00m plt

[31mModuleNotFoundError[39m: No module named 'ulmo'

